{"phase": "render", "split": "train", "complete": 1000, "total": 24000}
{"phase": "render", "split": "train", "complete": 2000, "total": 24000}
{"phase": "render", "split": "train", "complete": 3000, "total": 24000}
{"phase": "render", "split": "train", "complete": 4000, "total": 24000}
{"phase": "render", "split": "train", "complete": 5000, "total": 24000}
{"phase": "render", "split": "train", "complete": 6000, "total": 24000}
{"phase": "render", "split": "train", "complete": 7000, "total": 24000}
{"phase": "render", "split": "train", "complete": 8000, "total": 24000}
{"phase": "render", "split": "train", "complete": 9000, "total": 24000}
{"phase": "render", "split": "train", "complete": 10000, "total": 24000}
{"phase": "render", "split": "train", "complete": 11000, "total": 24000}
{"phase": "render", "split": "train", "complete": 12000, "total": 24000}
{"phase": "render", "split": "train", "complete": 13000, "total": 24000}
{"phase": "render", "split": "train", "complete": 14000, "total": 24000}
{"phase": "render", "split": "train", "complete": 15000, "total": 24000}
{"phase": "render", "split": "train", "complete": 16000, "total": 24000}
{"phase": "render", "split": "train", "complete": 17000, "total": 24000}
{"phase": "render", "split": "train", "complete": 18000, "total": 24000}
{"phase": "render", "split": "train", "complete": 19000, "total": 24000}
{"phase": "render", "split": "train", "complete": 20000, "total": 24000}
{"phase": "render", "split": "train", "complete": 21000, "total": 24000}
{"phase": "render", "split": "train", "complete": 22000, "total": 24000}
{"phase": "render", "split": "train", "complete": 23000, "total": 24000}
{"phase": "render", "split": "train", "complete": 24000, "total": 24000}
{"phase": "render", "split": "validation", "complete": 1000, "total": 3000}
{"phase": "render", "split": "validation", "complete": 2000, "total": 3000}
{"phase": "render", "split": "validation", "complete": 3000, "total": 3000}
{"phase": "render", "split": "test", "complete": 1000, "total": 3000}
{"phase": "render", "split": "test", "complete": 2000, "total": 3000}
{"phase": "render", "split": "test", "complete": 3000, "total": 3000}
{"phase": "dataset_ready", "seconds_this_run": 48.640715757999715, "dataset": "output/best_vision/dataset"}
{"epoch": 1, "train_loss": 1.3722715779491093, "validation_loss": 1.0193209846814473, "validation_accuracy": 0.45966666666666667, "validation_center_mean_pixels": 5.66806173324585, "learning_rate": 0.0009999036202410325, "seconds": 3.1264707099999214}
{"epoch": 2, "train_loss": 0.6411077853130258, "validation_loss": 0.3752729843060176, "validation_accuracy": 0.8686666666666667, "validation_center_mean_pixels": 4.795668125152588, "learning_rate": 0.0009996145181203615, "seconds": 0.3902529360002518}
{"epoch": 3, "train_loss": 0.39205578163914057, "validation_loss": 0.1362259859840075, "validation_accuracy": 0.9623333333333334, "validation_center_mean_pixels": 2.788870096206665, "learning_rate": 0.000999132805092358, "seconds": 0.6297452770004384}
{"epoch": 4, "train_loss": 0.24867910470651544, "validation_loss": 0.10274965316057205, "validation_accuracy": 0.977, "validation_center_mean_pixels": 2.211256504058838, "learning_rate": 0.0009984586668665642, "seconds": 0.37780019999991055}
{"epoch": 5, "train_loss": 0.21619352050449536, "validation_loss": 0.0915131780008475, "validation_accuracy": 0.9793333333333333, "validation_center_mean_pixels": 1.8482666015625, "learning_rate": 0.0009975923633360987, "seconds": 0.3727540609997959}
{"epoch": 6, "train_loss": 0.20078706125850262, "validation_loss": 0.0737978791197141, "validation_accuracy": 0.986, "validation_center_mean_pixels": 1.7485195398330688, "learning_rate": 0.0009965342284774634, "seconds": 0.37566116000016336}
{"epoch": 7, "train_loss": 0.19259639213914456, "validation_loss": 0.06702000709871452, "validation_accuracy": 0.9856666666666667, "validation_center_mean_pixels": 1.6528111696243286, "learning_rate": 0.0009952846702217888, "seconds": 0.3791062199998123}
{"epoch": 8, "train_loss": 0.18801006577585055, "validation_loss": 0.061418864876031876, "validation_accuracy": 0.989, "validation_center_mean_pixels": 1.5629836320877075, "learning_rate": 0.000993844170297569, "seconds": 0.37783708999995724}
{"epoch": 9, "train_loss": 0.1831103731756625, "validation_loss": 0.060711558908224106, "validation_accuracy": 0.9896666666666667, "validation_center_mean_pixels": 1.5378289222717285, "learning_rate": 0.000992213284044946, "seconds": 0.37525404099960724}
{"epoch": 10, "train_loss": 0.1805613170499387, "validation_loss": 0.057057784870266914, "validation_accuracy": 0.9913333333333333, "validation_center_mean_pixels": 1.494277834892273, "learning_rate": 0.0009903926402016153, "seconds": 0.3753997710000476}
{"epoch": 11, "train_loss": 0.17793830775696298, "validation_loss": 0.056524342546860375, "validation_accuracy": 0.991, "validation_center_mean_pixels": 1.4679244756698608, "learning_rate": 0.0009883829406604364, "seconds": 0.37185908100036613}
{"epoch": 12, "train_loss": 0.17622129489546237, "validation_loss": 0.05279204249382019, "validation_accuracy": 0.992, "validation_center_mean_pixels": 1.4335945844650269, "learning_rate": 0.0009861849601988384, "seconds": 0.5455931010001223}
{"epoch": 13, "train_loss": 0.17427851194920746, "validation_loss": 0.049658287316560745, "validation_accuracy": 0.992, "validation_center_mean_pixels": 1.398788332939148, "learning_rate": 0.00098379954618013, "seconds": 0.5412173320000875}
{"epoch": 14, "train_loss": 0.17204093026078265, "validation_loss": 0.04723550689717134, "validation_accuracy": 0.9926666666666667, "validation_center_mean_pixels": 1.3504351377487183, "learning_rate": 0.0009812276182268238, "seconds": 0.3744721720004236}
{"epoch": 15, "train_loss": 0.17086203558289487, "validation_loss": 0.05316418285171191, "validation_accuracy": 0.992, "validation_center_mean_pixels": 1.3691601753234863, "learning_rate": 0.0009784701678661046, "seconds": 0.3737775010004043}
{"epoch": 16, "train_loss": 0.1697943032435749, "validation_loss": 0.04347814122835795, "validation_accuracy": 0.994, "validation_center_mean_pixels": 1.3416248559951782, "learning_rate": 0.0009755282581475771, "seconds": 0.37289308100025664}
{"epoch": 17, "train_loss": 0.16904634399258572, "validation_loss": 0.04313894299169382, "validation_accuracy": 0.9946666666666667, "validation_center_mean_pixels": 1.313552975654602, "learning_rate": 0.0009724030232334394, "seconds": 0.3745413209999242}
{"epoch": 18, "train_loss": 0.16810404898031897, "validation_loss": 0.04687321993211905, "validation_accuracy": 0.994, "validation_center_mean_pixels": 1.2801176309585571, "learning_rate": 0.0009690956679612424, "seconds": 0.3724735020005028}
{"epoch": 19, "train_loss": 0.16757349572751834, "validation_loss": 0.04446840969224771, "validation_accuracy": 0.9943333333333333, "validation_center_mean_pixels": 1.2570267915725708, "learning_rate": 0.000965607467379402, "seconds": 0.3794827889996668}
{"epoch": 20, "train_loss": 0.1657786796922269, "validation_loss": 0.04587430196503798, "validation_accuracy": 0.9943333333333333, "validation_center_mean_pixels": 1.2533583641052246, "learning_rate": 0.0009619397662556437, "seconds": 0.3736742609999055}
{"epoch": 21, "train_loss": 0.16636438279048257, "validation_loss": 0.04340518390138944, "validation_accuracy": 0.9936666666666667, "validation_center_mean_pixels": 1.2317668199539185, "learning_rate": 0.0009580939785585683, "seconds": 0.3705032919997393}
{"epoch": 22, "train_loss": 0.1660151578809904, "validation_loss": 0.044422285010417305, "validation_accuracy": 0.9926666666666667, "validation_center_mean_pixels": 1.292353868484497, "learning_rate": 0.0009540715869125409, "seconds": 0.3741883410002629}
{"epoch": 23, "train_loss": 0.16546654344900794, "validation_loss": 0.04376731626689434, "validation_accuracy": 0.9933333333333333, "validation_center_mean_pixels": 1.1977587938308716, "learning_rate": 0.000949874142026111, "seconds": 0.3777023000002373}
{"epoch": 24, "train_loss": 0.16378713496353314, "validation_loss": 0.04125310728947321, "validation_accuracy": 0.995, "validation_center_mean_pixels": 1.1895302534103394, "learning_rate": 0.0009455032620941842, "seconds": 0.3904215660004411}
{"epoch": 25, "train_loss": 0.16381276236928027, "validation_loss": 0.04214928609629472, "validation_accuracy": 0.9963333333333333, "validation_center_mean_pixels": 1.1799875497817993, "learning_rate": 0.0009409606321741778, "seconds": 0.3882737869998891}
{"epoch": 26, "train_loss": 0.16363837213619895, "validation_loss": 0.04335565244158109, "validation_accuracy": 0.9946666666666667, "validation_center_mean_pixels": 1.1766619682312012, "learning_rate": 0.0009362480035363989, "seconds": 0.37874509999983275}
{"epoch": 27, "train_loss": 0.16329525378735169, "validation_loss": 0.044091442599892616, "validation_accuracy": 0.9946666666666667, "validation_center_mean_pixels": 1.160719871520996, "learning_rate": 0.0009313671929888962, "seconds": 0.37882391899984214}
{"epoch": 28, "train_loss": 0.16237694640522418, "validation_loss": 0.04080099674562613, "validation_accuracy": 0.9963333333333333, "validation_center_mean_pixels": 1.148930311203003, "learning_rate": 0.0009263200821770464, "seconds": 0.3808500790000835}
{"epoch": 29, "train_loss": 0.16266485044489737, "validation_loss": 0.04172045551240444, "validation_accuracy": 0.994, "validation_center_mean_pixels": 1.1328855752944946, "learning_rate": 0.0009211086168581436, "seconds": 0.3853530280002815}
{"epoch": 30, "train_loss": 0.16239560039147086, "validation_loss": 0.04165707559635242, "validation_accuracy": 0.9953333333333333, "validation_center_mean_pixels": 1.1176917552947998, "learning_rate": 0.000915734806151273, "seconds": 0.3859295269994618}
{"epoch": 31, "train_loss": 0.16281217401442322, "validation_loss": 0.04250148528565963, "validation_accuracy": 0.994, "validation_center_mean_pixels": 1.124311089515686, "learning_rate": 0.0009102007217627571, "seconds": 0.3824046879999514}
{"epoch": 32, "train_loss": 0.1616081038246984, "validation_loss": 0.03875748751064142, "validation_accuracy": 0.9963333333333333, "validation_center_mean_pixels": 1.1127578020095825, "learning_rate": 0.000904508497187474, "seconds": 0.382351889000347}
{"epoch": 33, "train_loss": 0.1621873236220816, "validation_loss": 0.03890096303075552, "validation_accuracy": 0.9966666666666667, "validation_center_mean_pixels": 1.1312586069107056, "learning_rate": 0.0008986603268863538, "seconds": 0.3792579699993439}
{"epoch": 34, "train_loss": 0.16181630932766458, "validation_loss": 0.03779682610183954, "validation_accuracy": 0.9966666666666667, "validation_center_mean_pixels": 1.075383186340332, "learning_rate": 0.0008926584654403727, "seconds": 0.3784802899999704}
{"epoch": 35, "train_loss": 0.16063256820906763, "validation_loss": 0.03960156999528408, "validation_accuracy": 0.9966666666666667, "validation_center_mean_pixels": 1.0683181285858154, "learning_rate": 0.0008865052266813688, "seconds": 0.379305349999413}
{"epoch": 36, "train_loss": 0.16107792115729788, "validation_loss": 0.03803446236997843, "validation_accuracy": 0.9966666666666667, "validation_center_mean_pixels": 1.0640639066696167, "learning_rate": 0.0008802029828000158, "seconds": 0.37892718900002365}
{"epoch": 37, "train_loss": 0.16051344055196512, "validation_loss": 0.039321814042826496, "validation_accuracy": 0.9963333333333333, "validation_center_mean_pixels": 1.0577255487442017, "learning_rate": 0.0008737541634312987, "seconds": 0.38173929900040093}
{"epoch": 38, "train_loss": 0.16094135298677112, "validation_loss": 0.036860703490674496, "validation_accuracy": 0.9966666666666667, "validation_center_mean_pixels": 1.0589689016342163, "learning_rate": 0.000867161254717843, "seconds": 0.38018929900044895}
{"epoch": 39, "train_loss": 0.16116277031276538, "validation_loss": 0.03888013524313768, "validation_accuracy": 0.9963333333333333, "validation_center_mean_pixels": 1.0605099201202393, "learning_rate": 0.0008604267983514597, "seconds": 0.3809287000003678}
{"epoch": 40, "train_loss": 0.16118443562932636, "validation_loss": 0.03847094718366861, "validation_accuracy": 0.996, "validation_center_mean_pixels": 1.064309000968933, "learning_rate": 0.000853553390593274, "seconds": 0.37845835000007355}
{"epoch": 41, "train_loss": 0.16052592902079874, "validation_loss": 0.04056531346092621, "validation_accuracy": 0.9963333333333333, "validation_center_mean_pixels": 1.0404512882232666, "learning_rate": 0.0008465436812728183, "seconds": 0.37723538000045664}
{"epoch": 42, "train_loss": 0.1601834763651309, "validation_loss": 0.040577975722650685, "validation_accuracy": 0.9956666666666667, "validation_center_mean_pixels": 1.038920283317566, "learning_rate": 0.0008394003727664712, "seconds": 0.3796151490005286}
{"epoch": 43, "train_loss": 0.16066832840442657, "validation_loss": 0.043988993701835476, "validation_accuracy": 0.9956666666666667, "validation_center_mean_pixels": 1.0198818445205688, "learning_rate": 0.0008321262189556411, "seconds": 0.37797696000052383}
{"epoch": 44, "train_loss": 0.16007472995830618, "validation_loss": 0.03938234783709049, "validation_accuracy": 0.997, "validation_center_mean_pixels": 1.0113484859466553, "learning_rate": 0.0008247240241650922, "seconds": 0.3770624010003303}
{"epoch": 45, "train_loss": 0.16000657658214154, "validation_loss": 0.03632759116590023, "validation_accuracy": 0.9963333333333333, "validation_center_mean_pixels": 0.9990794658660889, "learning_rate": 0.0008171966420818231, "seconds": 0.3778298699999141}
{"epoch": 46, "train_loss": 0.16005446988603342, "validation_loss": 0.039279503437379994, "validation_accuracy": 0.9963333333333333, "validation_center_mean_pixels": 1.0348105430603027, "learning_rate": 0.0008095469746549173, "seconds": 0.37848208000013983}
{"epoch": 47, "train_loss": 0.1598696520794993, "validation_loss": 0.036119798508783184, "validation_accuracy": 0.997, "validation_center_mean_pixels": 0.986983597278595, "learning_rate": 0.0008017779709767859, "seconds": 0.37315200099965296}
{"epoch": 48, "train_loss": 0.15984883807275607, "validation_loss": 0.03916488649944464, "validation_accuracy": 0.9963333333333333, "validation_center_mean_pixels": 0.9971866011619568, "learning_rate": 0.0007938926261462369, "seconds": 0.3723303320002742}
{"epoch": 49, "train_loss": 0.1598599760428719, "validation_loss": 0.03889915533363819, "validation_accuracy": 0.9966666666666667, "validation_center_mean_pixels": 0.9844127893447876, "learning_rate": 0.0007858939801138065, "seconds": 0.37003196200021193}
{"epoch": 50, "train_loss": 0.1597353064495584, "validation_loss": 0.038416448049247265, "validation_accuracy": 0.9966666666666667, "validation_center_mean_pixels": 0.9831013679504395, "learning_rate": 0.0007777851165098014, "seconds": 0.37157884200041735}
{"epoch": 51, "train_loss": 0.15930465220109277, "validation_loss": 0.03703234903514385, "validation_accuracy": 0.997, "validation_center_mean_pixels": 0.9630102515220642, "learning_rate": 0.0007695691614555006, "seconds": 0.3734227020004255}
{"epoch": 52, "train_loss": 0.1591768724762875, "validation_loss": 0.03848722856491804, "validation_accuracy": 0.9963333333333333, "validation_center_mean_pixels": 0.9560533165931702, "learning_rate": 0.0007612492823579748, "seconds": 0.3703895819999161}
{"epoch": 53, "train_loss": 0.15947263396304587, "validation_loss": 0.03871684893965721, "validation_accuracy": 0.9963333333333333, "validation_center_mean_pixels": 0.9507160186767578, "learning_rate": 0.0007528286866889927, "seconds": 0.38475221800035797}
{"epoch": 54, "train_loss": 0.1591395628841027, "validation_loss": 0.03691266073534886, "validation_accuracy": 0.9963333333333333, "validation_center_mean_pixels": 0.9377368092536926, "learning_rate": 0.0007443106207484779, "seconds": 0.3807714089998626}
{"epoch": 55, "train_loss": 0.15892343385064084, "validation_loss": 0.035188946252067886, "validation_accuracy": 0.9966666666666667, "validation_center_mean_pixels": 0.9370349645614624, "learning_rate": 0.0007356983684129991, "seconds": 0.3831540090004637}
{"epoch": 56, "train_loss": 0.1588387382419213, "validation_loss": 0.03887803883602222, "validation_accuracy": 0.9963333333333333, "validation_center_mean_pixels": 0.9369775652885437, "learning_rate": 0.0007269952498697738, "seconds": 0.38062838899986673}
{"epoch": 57, "train_loss": 0.16017731603073038, "validation_loss": 0.044105103239417076, "validation_accuracy": 0.995, "validation_center_mean_pixels": 0.9452970623970032, "learning_rate": 0.0007182046203366715, "seconds": 0.3817783589993269}
{"epoch": 58, "train_loss": 0.1589499650442082, "validation_loss": 0.0385385820021232, "validation_accuracy": 0.9963333333333333, "validation_center_mean_pixels": 0.9347564578056335, "learning_rate": 0.0007093298687687145, "seconds": 0.3782960099997581}
{"epoch": 59, "train_loss": 0.1586985941166463, "validation_loss": 0.0362226152792573, "validation_accuracy": 0.9966666666666667, "validation_center_mean_pixels": 0.9263539910316467, "learning_rate": 0.0007003744165515709, "seconds": 0.37877584000034403}
{"epoch": 60, "train_loss": 0.15892387149126633, "validation_loss": 0.0372156153122584, "validation_accuracy": 0.9966666666666667, "validation_center_mean_pixels": 0.9297135472297668, "learning_rate": 0.0006913417161825453, "seconds": 0.3741487320003216}
{"epoch": 61, "train_loss": 0.15885451954344046, "validation_loss": 0.03849616926163435, "validation_accuracy": 0.9963333333333333, "validation_center_mean_pixels": 0.919635534286499, "learning_rate": 0.0006822352499395751, "seconds": 0.3751375609999741}
{"epoch": 62, "train_loss": 0.15874767789374228, "validation_loss": 0.039760056572655834, "validation_accuracy": 0.9963333333333333, "validation_center_mean_pixels": 0.9173623919487, "learning_rate": 0.0006730585285387469, "seconds": 0.3821696189997965}
{"epoch": 63, "train_loss": 0.1586990077858386, "validation_loss": 0.03776151034981012, "validation_accuracy": 0.9966666666666667, "validation_center_mean_pixels": 0.905097484588623, "learning_rate": 0.000663815089780847, "seconds": 0.37351965099969675}
{"epoch": 64, "train_loss": 0.15856384583141492, "validation_loss": 0.03666745529820522, "validation_accuracy": 0.9973333333333333, "validation_center_mean_pixels": 0.9080718755722046, "learning_rate": 0.0006545084971874741, "seconds": 0.37399509100032446}
{"epoch": 65, "train_loss": 0.15859033199756042, "validation_loss": 0.03653901939590772, "validation_accuracy": 0.9966666666666667, "validation_center_mean_pixels": 0.906113862991333, "learning_rate": 0.0006451423386272315, "seconds": 0.3767837100003817}
{"epoch": 66, "train_loss": 0.15840621260197266, "validation_loss": 0.03475317700455586, "validation_accuracy": 0.9976666666666667, "validation_center_mean_pixels": 0.8993363976478577, "learning_rate": 0.0006357202249325374, "seconds": 0.381747818999429}
{"epoch": 67, "train_loss": 0.15858954871478287, "validation_loss": 0.03506093844771385, "validation_accuracy": 0.9966666666666667, "validation_center_mean_pixels": 0.9006275534629822, "learning_rate": 0.0006262457885075794, "seconds": 0.3847957680000036}
{"epoch": 68, "train_loss": 0.1583726775387059, "validation_loss": 0.036076859260598816, "validation_accuracy": 0.9966666666666667, "validation_center_mean_pixels": 0.8842923045158386, "learning_rate": 0.0006167226819279531, "seconds": 0.382752599000014}
{"epoch": 69, "train_loss": 0.15833506409240805, "validation_loss": 0.03741981461644173, "validation_accuracy": 0.9973333333333333, "validation_center_mean_pixels": 0.8818982243537903, "learning_rate": 0.0006071545765325257, "seconds": 0.38258918799965613}
{"epoch": 70, "train_loss": 0.15845991185177927, "validation_loss": 0.03841860654453436, "validation_accuracy": 0.9963333333333333, "validation_center_mean_pixels": 0.8812780380249023, "learning_rate": 0.0005975451610080645, "seconds": 0.3860907380003482}
{"epoch": 71, "train_loss": 0.15833148943341296, "validation_loss": 0.037304594491918884, "validation_accuracy": 0.9966666666666667, "validation_center_mean_pixels": 0.8716415762901306, "learning_rate": 0.0005878981399671775, "seconds": 0.3773965800000951}
{"epoch": 72, "train_loss": 0.15836709316657938, "validation_loss": 0.034921772157152496, "validation_accuracy": 0.9973333333333333, "validation_center_mean_pixels": 0.8761060833930969, "learning_rate": 0.0005782172325201158, "seconds": 0.3844727480000074}
{"epoch": 73, "train_loss": 0.1583850085735321, "validation_loss": 0.03557082265615463, "validation_accuracy": 0.9966666666666667, "validation_center_mean_pixels": 0.8751724362373352, "learning_rate": 0.0005685061708409844, "seconds": 0.384142077999968}
{"epoch": 74, "train_loss": 0.158316343050936, "validation_loss": 0.03771076941241821, "validation_accuracy": 0.997, "validation_center_mean_pixels": 0.8672646284103394, "learning_rate": 0.0005587686987289191, "seconds": 0.38318611800059443}
{"epoch": 75, "train_loss": 0.1582451278100843, "validation_loss": 0.03694619393597046, "validation_accuracy": 0.9966666666666667, "validation_center_mean_pixels": 0.8624882698059082, "learning_rate": 0.0005490085701647806, "seconds": 0.3828921580006863}
{"epoch": 76, "train_loss": 0.15837861241205878, "validation_loss": 0.035951473750174046, "validation_accuracy": 0.9966666666666667, "validation_center_mean_pixels": 0.8754103779792786, "learning_rate": 0.0005392295478639228, "seconds": 0.38468181799999}
{"epoch": 77, "train_loss": 0.1582156594680703, "validation_loss": 0.03654852323234081, "validation_accuracy": 0.997, "validation_center_mean_pixels": 0.8613215684890747, "learning_rate": 0.0005294354018255947, "seconds": 0.38110243900064233}
{"epoch": 78, "train_loss": 0.15815968260816907, "validation_loss": 0.03760927108426889, "validation_accuracy": 0.997, "validation_center_mean_pixels": 0.8548409342765808, "learning_rate": 0.0005196299078795345, "seconds": 0.391206837000027}
{"epoch": 79, "train_loss": 0.1581775533116382, "validation_loss": 0.037560075521469116, "validation_accuracy": 0.997, "validation_center_mean_pixels": 0.8507343530654907, "learning_rate": 0.0005098168462303143, "seconds": 0.38702283799921133}
{"epoch": 80, "train_loss": 0.1583145999390146, "validation_loss": 0.036418961361050606, "validation_accuracy": 0.9973333333333333, "validation_center_mean_pixels": 0.8508968949317932, "learning_rate": 0.0005000000000000001, "seconds": 0.3865623379997487}
{"epoch": 81, "train_loss": 0.1581031155327092, "validation_loss": 0.03782348241657019, "validation_accuracy": 0.9966666666666667, "validation_center_mean_pixels": 0.8599591851234436, "learning_rate": 0.000490183153769686, "seconds": 0.5521062890002213}
{"epoch": 82, "train_loss": 0.15808622506649597, "validation_loss": 0.03719174272070328, "validation_accuracy": 0.9966666666666667, "validation_center_mean_pixels": 0.8462317585945129, "learning_rate": 0.00048037009212046597, "seconds": 0.38038690899975336}
{"epoch": 83, "train_loss": 0.1582319237615751, "validation_loss": 0.03926633050044378, "validation_accuracy": 0.9966666666666667, "validation_center_mean_pixels": 0.8423771262168884, "learning_rate": 0.00047056459817440555, "seconds": 0.38232527899981505}
{"epoch": 84, "train_loss": 0.15833426720422247, "validation_loss": 0.038213394271830715, "validation_accuracy": 0.997, "validation_center_mean_pixels": 0.8484480381011963, "learning_rate": 0.0004607704521360777, "seconds": 0.3895697770003608}
{"epoch": 85, "train_loss": 0.15857554227113724, "validation_loss": 0.0371251388763388, "validation_accuracy": 0.9966666666666667, "validation_center_mean_pixels": 0.8652560710906982, "learning_rate": 0.00045099142983521975, "seconds": 0.38930300599986367}
{"epoch": 86, "train_loss": 0.15818804891213126, "validation_loss": 0.03540212040146192, "validation_accuracy": 0.997, "validation_center_mean_pixels": 0.8552515506744385, "learning_rate": 0.0004412313012710813, "seconds": 0.38279112899999745}
{"epoch": 87, "train_loss": 0.15831589407247046, "validation_loss": 0.038381644524633884, "validation_accuracy": 0.997, "validation_center_mean_pixels": 0.8473709225654602, "learning_rate": 0.00043149382915901616, "seconds": 0.37804326999957993}
{"epoch": 88, "train_loss": 0.15823472582775613, "validation_loss": 0.03754659152279297, "validation_accuracy": 0.997, "validation_center_mean_pixels": 0.846092164516449, "learning_rate": 0.00042178276747988476, "seconds": 0.38177874900065945}
{"epoch": 89, "train_loss": 0.15825419484273248, "validation_loss": 0.03573875719060501, "validation_accuracy": 0.997, "validation_center_mean_pixels": 0.8432967066764832, "learning_rate": 0.0004121018600328228, "seconds": 0.3806860790000428}
{"epoch": 90, "train_loss": 0.15799891074066577, "validation_loss": 0.037286004051566124, "validation_accuracy": 0.997, "validation_center_mean_pixels": 0.8338765501976013, "learning_rate": 0.00040245483899193594, "seconds": 0.38492460799989203}
{"epoch": 91, "train_loss": 0.15804669163797214, "validation_loss": 0.03641206988443931, "validation_accuracy": 0.9966666666666667, "validation_center_mean_pixels": 0.8328170776367188, "learning_rate": 0.00039284542346747475, "seconds": 0.3859706079992975}
TRAINING_REPORT {"schema_version": 1, "artifact": "model.ts", "artifact_sha256": "7532f12a04597ea9b8388e399dad7c15a52e746b602bdb4c0c8abf598b942266", "architecture": "depthwise compact CNN with class and 2D center heads", "parameters": 58343, "classes": ["background", "red", "yellow", "green", "kit", "sample"], "vision_config": {"image_size": 72, "channels": 32, "camera_height_m": [0.1, 0.18], "camera_fovy_degrees": [48.0, 68.0], "camera_tilt_degrees": 8.0, "target_center_limit": 0.22, "settle_steps": 8}, "seed": 20260911, "torch_version": "2.11.0+cu128", "mujoco_version": "3.12.0", "device": "cuda", "gpu": {"name": "NVIDIA RTX PRO 6000 Blackwell Server Edition", "capability": [12, 0], "cuda_runtime": "12.8", "peak_allocated_bytes": 710329856}, "precision": "CUDA FP16 autocast with FP32 parameters", "cuda_optimizations": {"channels_last": true, "fused_adamw": true, "tf32_allowed": true, "torch_compile": true, "compile_seconds": 2.6495715480004947}, "timing": {"dataset_seconds_this_run": 48.640715757999715, "training_seconds": 38.84079247200043, "total_seconds": 90.36871822900048}, "dataset_manifest_sha256": "62a3e7d61b827ea9dc82b8c5ea8406e65e0848eb3aec2224d1dfa73ec7315fd8", "dataset_split_sha256": {"train": {"images": "f2cf3a75e118813809a5a80f9162b324417415a03d054b420acacd2d047964ba", "labels": "e778ffd6a514de9242172fc87deb6a925d1d5e09cd93bb3a20a4326a471fad7b", "centers": "68fe795b3ded2aef90b6bcf1a8113b649c510db7c1666474cd017b38223b57a6"}, "validation": {"images": "af4074df688e1c83d502bb73dbe52fda02fb25a322cb055dd0f5b46cf1e74efd", "labels": "278bf99d8b130baa04cae3a22a64e7fee74a61663519f51baea3af50ae532386", "centers": "7b3665a2d11d6b956cf91e010b029b36adbf64804a87b1673bba9279c175f67e"}, "test": {"images": "18d0c8554562d1cdf03f5b97e52f70374035b86e03444005def11695dd09583d", "labels": "66023a6eb18e337536884e5c47c2180faa44c7bafdc89edb24921554c4f322dd", "centers": "1fcb910505212dd540e30bc3c3757259d29a661aedf02c2e5c3f337068b328ae"}}, "source_sha256": {"arena_spec.json": "26b10a4a5fc607ab58d1692d9fd9b4a2a466fd6bc789a7c9e7032066c5d4fbf1", "arena_mujoco/assets/biohazard.json": "c971c701477eb1cce0ca75a349940ec0f81a4487c060e3de3e7e20bf331a1407", "arena_mujoco/builder.py": "172b4405c59b2ac6ef7142bde3e16bcf2697fe6dd2908fcff4c421007313e51b", "arena_mujoco/geometry.py": "ecf1faf8282dacfb4da7c8fbc9624fb6b5e4dd66c5e2e08f362b433567bd2ff8", "arena_mujoco/materials.py": "266e9b21c4179cda5b05058f88d328ffb69c6b18032f9dee7164e80a866bd2af", "arena_mujoco/best_vision.py": "0965dc12ac740ef6c6a0eff52481a6edb6bb85e1b4954265efffaafc8bbc88fc", "scripts/train_best_vision.py": "634c5f1b56e1a89a586b27a284153d4f73c95f15f1fbd8ff052111b97d717e55", "scripts/test_best_vision.py": "eed29b58a021364225bf64f99934fde4b60d94e7357094b906d6c4dd09f1ea00", "requirements-best-design.txt": "3cb75d4deb214b3495dfc32aede003e56259eb6d9de67c293e24c23ce963aded"}, "selection": {"criterion": "minimum validation class-plus-center loss", "selected_epoch": 66, "validation_loss": 0.03475317700455586, "early_stopped": true, "epochs_completed": 91, "patience": 25}, "validation": {"uncalibrated": {"accuracy": 0.9976666666666667, "macro_f1": 0.997665986627822, "negative_log_likelihood": 0.03427131474018097, "expected_calibration_error_15_bin": 0.02350668138265607, "confusion_true_rows_predicted_columns": [[500, 0, 0, 0, 0, 0], [0, 496, 0, 0, 4, 0], [0, 0, 500, 0, 0, 0], [0, 0, 0, 500, 0, 0], [2, 0, 0, 1, 497, 0], [0, 0, 0, 0, 0, 500]], "per_class": {"background": {"precision": 0.9960159362549801, "recall": 1.0, "f1": 0.998003992015968, "support": 500}, "red": {"precision": 1.0, "recall": 0.992, "f1": 0.9959839357429718, "support": 500}, "yellow": {"precision": 1.0, "recall": 1.0, "f1": 1.0, "support": 500}, "green": {"precision": 0.998003992015968, "recall": 1.0, "f1": 0.9990009990009989, "support": 500}, "kit": {"precision": 0.9920159680638723, "recall": 0.994, "f1": 0.993006993006993, "support": 500}, "sample": {"precision": 1.0, "recall": 1.0, "f1": 1.0, "support": 500}}}, "temperature": 0.6456011105286961, "calibrated": {"accuracy": 0.9976666666666667, "macro_f1": 0.997665986627822, "negative_log_likelihood": 0.015345918014645576, "expected_calibration_error_15_bin": 0.0016851842800776184, "confusion_true_rows_predicted_columns": [[500, 0, 0, 0, 0, 0], [0, 496, 0, 0, 4, 0], [0, 0, 500, 0, 0, 0], [0, 0, 0, 500, 0, 0], [2, 0, 0, 1, 497, 0], [0, 0, 0, 0, 0, 500]], "per_class": {"background": {"precision": 0.9960159362549801, "recall": 1.0, "f1": 0.998003992015968, "support": 500}, "red": {"precision": 1.0, "recall": 0.992, "f1": 0.9959839357429718, "support": 500}, "yellow": {"precision": 1.0, "recall": 1.0, "f1": 1.0, "support": 500}, "green": {"precision": 0.998003992015968, "recall": 1.0, "f1": 0.9990009990009989, "support": 500}, "kit": {"precision": 0.9920159680638723, "recall": 0.994, "f1": 0.993006993006993, "support": 500}, "sample": {"precision": 1.0, "recall": 1.0, "f1": 1.0, "support": 500}}}, "localization": {"foreground_count": 2500, "mean_normalized": 0.01249078381806612, "median_pixels": 0.7494683861732483, "mean_pixels": 0.8993363976478577, "p95_pixels": 2.043285369873047, "max_pixels": 24.922367095947266}}, "test_evaluation": "Not run during training or model selection. Run scripts/test_best_vision.py once on the frozen test split.", "claim_scope": "These image metrics measure crop perception only. They do not establish robot task success."}
