{"phase": "render", "split": "train", "complete": 1000, "total": 24000}
{"phase": "render", "split": "train", "complete": 2000, "total": 24000}
{"phase": "render", "split": "train", "complete": 3000, "total": 24000}
{"phase": "render", "split": "train", "complete": 4000, "total": 24000}
{"phase": "render", "split": "train", "complete": 5000, "total": 24000}
{"phase": "render", "split": "train", "complete": 6000, "total": 24000}
{"phase": "render", "split": "train", "complete": 7000, "total": 24000}
{"phase": "render", "split": "train", "complete": 8000, "total": 24000}
{"phase": "render", "split": "train", "complete": 9000, "total": 24000}
{"phase": "render", "split": "train", "complete": 10000, "total": 24000}
{"phase": "render", "split": "train", "complete": 11000, "total": 24000}
{"phase": "render", "split": "train", "complete": 12000, "total": 24000}
{"phase": "render", "split": "train", "complete": 13000, "total": 24000}
{"phase": "render", "split": "train", "complete": 14000, "total": 24000}
{"phase": "render", "split": "train", "complete": 15000, "total": 24000}
{"phase": "render", "split": "train", "complete": 16000, "total": 24000}
{"phase": "render", "split": "train", "complete": 17000, "total": 24000}
{"phase": "render", "split": "train", "complete": 18000, "total": 24000}
{"phase": "render", "split": "train", "complete": 19000, "total": 24000}
{"phase": "render", "split": "train", "complete": 20000, "total": 24000}
{"phase": "render", "split": "train", "complete": 21000, "total": 24000}
{"phase": "render", "split": "train", "complete": 22000, "total": 24000}
{"phase": "render", "split": "train", "complete": 23000, "total": 24000}
{"phase": "render", "split": "train", "complete": 24000, "total": 24000}
{"phase": "render", "split": "validation", "complete": 1000, "total": 3000}
{"phase": "render", "split": "validation", "complete": 2000, "total": 3000}
{"phase": "render", "split": "validation", "complete": 3000, "total": 3000}
{"phase": "render", "split": "test", "complete": 1000, "total": 3000}
{"phase": "render", "split": "test", "complete": 2000, "total": 3000}
{"phase": "render", "split": "test", "complete": 3000, "total": 3000}
{"phase": "dataset_ready", "seconds_this_run": 48.93610871100009, "dataset": "/content/robotics_best_design/output/best_vision/dataset"}
{"epoch": 1, "train_loss": 0.977159000609232, "validation_loss": 0.4205242743094762, "validation_accuracy": 0.821, "validation_center_mean_pixels": 4.84144926071167, "learning_rate": 0.0029992598405485975, "seconds": 7.77188131999992}
{"epoch": 2, "train_loss": 0.3249191981942757, "validation_loss": 0.09902298326293628, "validation_accuracy": 0.9733333333333334, "validation_center_mean_pixels": 2.290173053741455, "learning_rate": 0.0029970400926424075, "seconds": 0.3855243779999}
{"epoch": 3, "train_loss": 0.21300739859757217, "validation_loss": 0.09203564003109932, "validation_accuracy": 0.98, "validation_center_mean_pixels": 1.8567726612091064, "learning_rate": 0.00299334294690462, "seconds": 0.37805088000004616}
{"epoch": 4, "train_loss": 0.19075590112934943, "validation_loss": 0.0619566198438406, "validation_accuracy": 0.9893333333333333, "validation_center_mean_pixels": 1.6292532682418823, "learning_rate": 0.002988172051971717, "seconds": 0.3772255800004132}
{"epoch": 5, "train_loss": 0.18174873324839966, "validation_loss": 0.05983076120416323, "validation_accuracy": 0.9886666666666667, "validation_center_mean_pixels": 1.5210795402526855, "learning_rate": 0.002981532510892707, "seconds": 0.37763616099982755}
{"epoch": 6, "train_loss": 0.1782112918470217, "validation_loss": 0.06492889858782291, "validation_accuracy": 0.9876666666666667, "validation_center_mean_pixels": 1.5073833465576172, "learning_rate": 0.0029734308760930336, "seconds": 0.37687384099990595}
{"epoch": 7, "train_loss": 0.1733403993041619, "validation_loss": 0.04515484099586805, "validation_accuracy": 0.993, "validation_center_mean_pixels": 1.3082605600357056, "learning_rate": 0.0029638751429081215, "seconds": 0.3762432309995347}
{"epoch": 8, "train_loss": 0.1724240562838057, "validation_loss": 0.05004500970244408, "validation_accuracy": 0.9923333333333333, "validation_center_mean_pixels": 1.3017431497573853, "learning_rate": 0.002952874741692947, "seconds": 0.3792791900004886}
{"epoch": 9, "train_loss": 0.16909556641526843, "validation_loss": 0.04726256523281336, "validation_accuracy": 0.9933333333333333, "validation_center_mean_pixels": 1.3031030893325806, "learning_rate": 0.002940440528515415, "seconds": 0.38109456000074715}
{"epoch": 10, "train_loss": 0.16849784974170767, "validation_loss": 0.05247156322002411, "validation_accuracy": 0.992, "validation_center_mean_pixels": 1.2843085527420044, "learning_rate": 0.0029265847744427307, "seconds": 0.3841030180001326}
{"epoch": 11, "train_loss": 0.16735564204661743, "validation_loss": 0.04414543385306994, "validation_accuracy": 0.9943333333333333, "validation_center_mean_pixels": 1.2181968688964844, "learning_rate": 0.0029113211534313385, "seconds": 0.37819523100006336}
{"epoch": 12, "train_loss": 0.16677868819755057, "validation_loss": 0.037523516764243446, "validation_accuracy": 0.9946666666666667, "validation_center_mean_pixels": 1.1538550853729248, "learning_rate": 0.002894664728832377, "seconds": 0.3806436400000166}
{"epoch": 13, "train_loss": 0.1657143604496251, "validation_loss": 0.043249291057387985, "validation_accuracy": 0.994, "validation_center_mean_pixels": 1.1419302225112915, "learning_rate": 0.0028766319385259715, "seconds": 0.37839946999974927}
{"epoch": 14, "train_loss": 0.16444829559844473, "validation_loss": 0.0411709143469731, "validation_accuracy": 0.9946666666666667, "validation_center_mean_pixels": 1.1404142379760742, "learning_rate": 0.0028572405786990293, "seconds": 0.3791465200001767}
{"epoch": 15, "train_loss": 0.16318562140931253, "validation_loss": 0.03945685519526402, "validation_accuracy": 0.995, "validation_center_mean_pixels": 1.0943633317947388, "learning_rate": 0.0028365097862825517, "seconds": 0.38265109899930394}
{"epoch": 16, "train_loss": 0.16386965791816296, "validation_loss": 0.04699398887654146, "validation_accuracy": 0.993, "validation_center_mean_pixels": 1.0886566638946533, "learning_rate": 0.0028144600200657953, "seconds": 0.38091569999960484}
{"epoch": 17, "train_loss": 0.16283404244029004, "validation_loss": 0.037422035510341324, "validation_accuracy": 0.997, "validation_center_mean_pixels": 1.0917894840240479, "learning_rate": 0.002791113040505916, "seconds": 0.3836097100002007}
{"epoch": 18, "train_loss": 0.1610910649532857, "validation_loss": 0.0361089917520682, "validation_accuracy": 0.9963333333333333, "validation_center_mean_pixels": 1.0615183115005493, "learning_rate": 0.002766491888253023, "seconds": 0.3843064190004952}
{"epoch": 19, "train_loss": 0.16282480210065842, "validation_loss": 0.036601943584779896, "validation_accuracy": 0.9963333333333333, "validation_center_mean_pixels": 1.0235873460769653, "learning_rate": 0.0027406208614118434, "seconds": 0.38153293899995333}
{"epoch": 20, "train_loss": 0.16178176260512808, "validation_loss": 0.04203010257333517, "validation_accuracy": 0.9963333333333333, "validation_center_mean_pixels": 0.9982487559318542, "learning_rate": 0.002713525491562422, "seconds": 0.3747329220004758}
{"epoch": 21, "train_loss": 0.1621765092663143, "validation_loss": 0.038411770947277546, "validation_accuracy": 0.9966666666666667, "validation_center_mean_pixels": 1.008074164390564, "learning_rate": 0.002685232518563536, "seconds": 0.37198027199974604}
{"epoch": 22, "train_loss": 0.16240677561448968, "validation_loss": 0.039948725452025734, "validation_accuracy": 0.9946666666666667, "validation_center_mean_pixels": 0.9996563196182251, "learning_rate": 0.0026557698641636843, "seconds": 0.38221876900024654}
{"epoch": 23, "train_loss": 0.1608451002317926, "validation_loss": 0.04035396967083216, "validation_accuracy": 0.9946666666666667, "validation_center_mean_pixels": 0.9585181474685669, "learning_rate": 0.0026251666044456896, "seconds": 0.3842449089997899}
{"epoch": 24, "train_loss": 0.16043740608122037, "validation_loss": 0.03758251667022705, "validation_accuracy": 0.9963333333333333, "validation_center_mean_pixels": 0.9886249899864197, "learning_rate": 0.0025934529411321175, "seconds": 0.3968108649996793}
{"epoch": 25, "train_loss": 0.16047044940616773, "validation_loss": 0.03603949739287297, "validation_accuracy": 0.997, "validation_center_mean_pixels": 0.9611161947250366, "learning_rate": 0.0025606601717798215, "seconds": 0.6143507820006562}
{"epoch": 26, "train_loss": 0.16125429939964545, "validation_loss": 0.05165394302457571, "validation_accuracy": 0.9913333333333333, "validation_center_mean_pixels": 0.9615509510040283, "learning_rate": 0.0025268206588930334, "seconds": 0.39301845600039087}
{"epoch": 27, "train_loss": 0.16161057353019714, "validation_loss": 0.03826459621389707, "validation_accuracy": 0.9963333333333333, "validation_center_mean_pixels": 0.9516205191612244, "learning_rate": 0.0024919677979854784, "seconds": 0.38972182700035773}
{"epoch": 28, "train_loss": 0.16063597442015357, "validation_loss": 0.037502841713527836, "validation_accuracy": 0.9956666666666667, "validation_center_mean_pixels": 0.9423421025276184, "learning_rate": 0.0024561359846230354, "seconds": 0.396750984999926}
{"epoch": 29, "train_loss": 0.16054131252610165, "validation_loss": 0.041072698310017586, "validation_accuracy": 0.997, "validation_center_mean_pixels": 0.9204883575439453, "learning_rate": 0.0024193605804794655, "seconds": 0.3909328869995079}
{"epoch": 30, "train_loss": 0.15978601542503937, "validation_loss": 0.03673940896987915, "validation_accuracy": 0.9976666666666667, "validation_center_mean_pixels": 0.9247751832008362, "learning_rate": 0.0023816778784387107, "seconds": 0.5593743389999872}
{"epoch": 31, "train_loss": 0.16075027993191843, "validation_loss": 0.03613159184654554, "validation_accuracy": 0.9966666666666667, "validation_center_mean_pixels": 0.928355872631073, "learning_rate": 0.002343125066778197, "seconds": 0.3952471760003391}
{"epoch": 32, "train_loss": 0.15985710368208264, "validation_loss": 0.03684285997102658, "validation_accuracy": 0.997, "validation_center_mean_pixels": 0.9113793969154358, "learning_rate": 0.0023037401924684954, "seconds": 0.3811923699995532}
{"epoch": 33, "train_loss": 0.16026595170083252, "validation_loss": 0.034247916812698044, "validation_accuracy": 0.9966666666666667, "validation_center_mean_pixels": 0.9386099576950073, "learning_rate": 0.0022635621236255575, "seconds": 0.37635909100026765}
{"epoch": 34, "train_loss": 0.16011330517737762, "validation_loss": 0.03652873324851195, "validation_accuracy": 0.996, "validation_center_mean_pixels": 0.904103696346283, "learning_rate": 0.0022226305111525736, "seconds": 0.38434359900020354}
{"epoch": 35, "train_loss": 0.15947052253329236, "validation_loss": 0.036008258971075215, "validation_accuracy": 0.997, "validation_center_mean_pixels": 0.9067898392677307, "learning_rate": 0.0021809857496093207, "seconds": 0.3848090390001744}
{"epoch": 36, "train_loss": 0.15997905057409537, "validation_loss": 0.0364122757067283, "validation_accuracy": 0.9966666666666667, "validation_center_mean_pixels": 0.889194905757904, "learning_rate": 0.0021386689373476095, "seconds": 0.38267564899979334}
{"epoch": 37, "train_loss": 0.15888042067703995, "validation_loss": 0.034580157759288944, "validation_accuracy": 0.998, "validation_center_mean_pixels": 0.8693568110466003, "learning_rate": 0.0020957218359521712, "seconds": 0.38243753899951116}
{"epoch": 38, "train_loss": 0.1588919185425924, "validation_loss": 0.03449141730864843, "validation_accuracy": 0.9973333333333333, "validation_center_mean_pixels": 0.862846851348877, "learning_rate": 0.0020521868290270177, "seconds": 0.3764419009994526}
{"epoch": 39, "train_loss": 0.15939358848592508, "validation_loss": 0.03645112800101439, "validation_accuracy": 0.9973333333333333, "validation_center_mean_pixels": 0.8681574463844299, "learning_rate": 0.002008106880367938, "seconds": 0.3777411499995651}
{"epoch": 40, "train_loss": 0.15877594960772473, "validation_loss": 0.03495353180915117, "validation_accuracy": 0.9976666666666667, "validation_center_mean_pixels": 0.8733553886413574, "learning_rate": 0.0019635254915624217, "seconds": 0.386687747999531}
{"epoch": 41, "train_loss": 0.1586608099548713, "validation_loss": 0.03516300767660141, "validation_accuracy": 0.9963333333333333, "validation_center_mean_pixels": 0.8565853238105774, "learning_rate": 0.0019184866590588445, "seconds": 0.3775944500002879}
{"epoch": 42, "train_loss": 0.15878384657528088, "validation_loss": 0.03680703602731228, "validation_accuracy": 0.9973333333333333, "validation_center_mean_pixels": 0.8642808794975281, "learning_rate": 0.0018730348307472821, "seconds": 0.3798734299998614}
{"epoch": 43, "train_loss": 0.1589246884636257, "validation_loss": 0.03648287709802389, "validation_accuracy": 0.9966666666666667, "validation_center_mean_pixels": 0.8635619282722473, "learning_rate": 0.0018272148620948141, "seconds": 0.37160458200014546}
{"epoch": 44, "train_loss": 0.15899343885805295, "validation_loss": 0.038627137430012226, "validation_accuracy": 0.9966666666666667, "validation_center_mean_pixels": 0.8554707765579224, "learning_rate": 0.0017810719718785873, "seconds": 0.3799324499996146}
{"epoch": 45, "train_loss": 0.15866247208222098, "validation_loss": 0.03681652434170246, "validation_accuracy": 0.9966666666666667, "validation_center_mean_pixels": 0.8378562331199646, "learning_rate": 0.0017346516975603465, "seconds": 0.38307961900045484}
TRAINING_REPORT {"schema_version": 1, "artifact": "model.ts", "artifact_sha256": "1bac4bfe6c47aaf80093fd8f33637f2249331f523a2694f00ba5ef6237bf0690", "architecture": "depthwise compact CNN with class and 2D center heads", "parameters": 58343, "classes": ["background", "red", "yellow", "green", "kit", "sample"], "vision_config": {"image_size": 72, "channels": 32, "camera_height_m": [0.1, 0.18], "camera_fovy_degrees": [48.0, 68.0], "camera_tilt_degrees": 8.0, "target_center_limit": 0.22, "settle_steps": 8}, "seed": 20260911, "torch_version": "2.11.0+cu128", "mujoco_version": "3.12.0", "device": "cuda", "gpu": {"name": "NVIDIA RTX PRO 6000 Blackwell Server Edition", "capability": [12, 0], "cuda_runtime": "12.8", "peak_allocated_bytes": 857216512}, "precision": "CUDA FP16 autocast with FP32 parameters", "cuda_optimizations": {"channels_last": true, "fused_adamw": true, "tf32_allowed": true, "torch_compile": true, "compile_seconds": 10.305128265999883}, "timing": {"dataset_seconds_this_run": 48.93610871100009, "training_seconds": 25.380171281000003, "total_seconds": 84.9625267399997}, "dataset_manifest_sha256": "4b7aeeda715fa0475fb4d0a47791c2c652d7ef7e5abe75ef6d87f0453a65718a", "dataset_split_sha256": {"train": {"images": "86fdd459ed518299a89b3431592d749c0838214cf8c39a18ca7cc19e92f0384f", "labels": "e778ffd6a514de9242172fc87deb6a925d1d5e09cd93bb3a20a4326a471fad7b", "centers": "68fe795b3ded2aef90b6bcf1a8113b649c510db7c1666474cd017b38223b57a6"}, "validation": {"images": "cc5d7f735e4a2ac7fc34cf9df2cc42f19e054cfc2224ca480a202ced0a8182c8", "labels": "278bf99d8b130baa04cae3a22a64e7fee74a61663519f51baea3af50ae532386", "centers": "7b3665a2d11d6b956cf91e010b029b36adbf64804a87b1673bba9279c175f67e"}, "test": {"images": "7113b70c1a7ce2e2dda9b3a32b8759844ddad8772d7814750f703fa417741482", "labels": "66023a6eb18e337536884e5c47c2180faa44c7bafdc89edb24921554c4f322dd", "centers": "1fcb910505212dd540e30bc3c3757259d29a661aedf02c2e5c3f337068b328ae"}}, "source_sha256": {"arena_spec.json": "26b10a4a5fc607ab58d1692d9fd9b4a2a466fd6bc789a7c9e7032066c5d4fbf1", "arena_mujoco/assets/biohazard.json": "c971c701477eb1cce0ca75a349940ec0f81a4487c060e3de3e7e20bf331a1407", "arena_mujoco/builder.py": "172b4405c59b2ac6ef7142bde3e16bcf2697fe6dd2908fcff4c421007313e51b", "arena_mujoco/geometry.py": "ecf1faf8282dacfb4da7c8fbc9624fb6b5e4dd66c5e2e08f362b433567bd2ff8", "arena_mujoco/materials.py": "266e9b21c4179cda5b05058f88d328ffb69c6b18032f9dee7164e80a866bd2af", "arena_mujoco/best_vision.py": "0965dc12ac740ef6c6a0eff52481a6edb6bb85e1b4954265efffaafc8bbc88fc", "scripts/train_best_vision.py": "634c5f1b56e1a89a586b27a284153d4f73c95f15f1fbd8ff052111b97d717e55", "scripts/test_best_vision.py": "eed29b58a021364225bf64f99934fde4b60d94e7357094b906d6c4dd09f1ea00", "requirements-best-design.txt": "3cb75d4deb214b3495dfc32aede003e56259eb6d9de67c293e24c23ce963aded"}, "selection": {"criterion": "minimum validation class-plus-center loss", "selected_epoch": 33, "validation_loss": 0.034247916812698044, "early_stopped": true, "epochs_completed": 45, "patience": 12}, "validation": {"uncalibrated": {"accuracy": 0.9966666666666667, "macro_f1": 0.9966602320346175, "negative_log_likelihood": 0.03362378105521202, "expected_calibration_error_15_bin": 0.02419360116124149, "confusion_true_rows_predicted_columns": [[500, 0, 0, 0, 0, 0], [0, 500, 0, 0, 0, 0], [0, 0, 499, 0, 0, 1], [0, 0, 0, 500, 0, 0], [3, 4, 0, 1, 492, 0], [0, 0, 1, 0, 0, 499]], "per_class": {"background": {"precision": 0.9940357852882704, "recall": 1.0, "f1": 0.9970089730807578, "support": 500}, "red": {"precision": 0.9920634920634921, "recall": 1.0, "f1": 0.9960159362549801, "support": 500}, "yellow": {"precision": 0.998, "recall": 0.998, "f1": 0.998, "support": 500}, "green": {"precision": 0.998003992015968, "recall": 1.0, "f1": 0.9990009990009989, "support": 500}, "kit": {"precision": 1.0, "recall": 0.984, "f1": 0.9919354838709677, "support": 500}, "sample": {"precision": 0.998, "recall": 0.998, "f1": 0.998, "support": 500}}}, "temperature": 0.6465024269662166, "calibrated": {"accuracy": 0.9966666666666667, "macro_f1": 0.9966602320346175, "negative_log_likelihood": 0.014787732623517513, "expected_calibration_error_15_bin": 0.0017917121251424277, "confusion_true_rows_predicted_columns": [[500, 0, 0, 0, 0, 0], [0, 500, 0, 0, 0, 0], [0, 0, 499, 0, 0, 1], [0, 0, 0, 500, 0, 0], [3, 4, 0, 1, 492, 0], [0, 0, 1, 0, 0, 499]], "per_class": {"background": {"precision": 0.9940357852882704, "recall": 1.0, "f1": 0.9970089730807578, "support": 500}, "red": {"precision": 0.9920634920634921, "recall": 1.0, "f1": 0.9960159362549801, "support": 500}, "yellow": {"precision": 0.998, "recall": 0.998, "f1": 0.998, "support": 500}, "green": {"precision": 0.998003992015968, "recall": 1.0, "f1": 0.9990009990009989, "support": 500}, "kit": {"precision": 1.0, "recall": 0.984, "f1": 0.9919354838709677, "support": 500}, "sample": {"precision": 0.998, "recall": 0.998, "f1": 0.998, "support": 500}}}, "localization": {"foreground_count": 2500, "mean_normalized": 0.013036249205470085, "median_pixels": 0.7762083411216736, "mean_pixels": 0.9386099576950073, "p95_pixels": 2.0982956886291504, "max_pixels": 26.690336227416992}}, "test_evaluation": "Not run during training or model selection. Run scripts/test_best_vision.py once on the frozen test split.", "claim_scope": "These image metrics measure crop perception only. They do not establish robot task success."}
